g instructions, please see:
<http://www.gnu.org/software/gdb/bugs/>.
Find the GDB manual and other documentation resources online at:
<http://www.gnu.org/software/gdb/documentation/>.
For help, type "help".
Type "apropos word" to search for commands related to "word"...
Reading symbols from a.out...done.
(gdb) b main
Breakpoint 1 at 0x772: file p1final.c, line 3.
(gdb) r
Starting program: /home/runner/pps-test1-harshithama18-1/a.out 
warning: Error disabling address space randomization: Operation not permitted

Breakpoint 1, main () at p1final.c:3
3   {
(gdb) n
6     printf("Enter two numbers:\n");
(gdb) n
Enter two numbers:
7     scanf("%d%d" , &num1,&num2);
(gdb) n
23 67
8     sum= num1 + num2;
(gdb) n
9     printf("Addition of %d+%d is %f\n",num2,num1,sum);
(gdb) n
Addition of 67+23 is 90.000000
10    return 0;
(gdb) n
11  }(gdb) q
A debugging session is active.

    Inferior 1 [process 60] will be killed.

Quit anyway? (y or n) y
îº§ 