 
 gcc -g p4original.c
 gdb a.out
GNU gdb (Ubuntu 8.1.1-0ubuntu1) 8.1.1
Copyright (C) 2018 Free Software Foundation, Inc.
License GPLv3+: GNU GPL version 3 or later <http://gnu.org/licenses/gpl.html>
This is free software: you are free to change and redistribute it.
There is NO WARRANTY, to the extent permitted by law.  Type "show copying"
and "show warranty" for details.
This GDB was configured as "x86_64-linux-gnu".
Type "show configuration" for configuration details.
For bug reporting instructions, please see:
<http://www.gnu.org/software/gdb/bugs/>.
Find the GDB manual and other documentation resources online at:
<http://www.gnu.org/software/gdb/documentation/>.
For help, type "help".
Type "apropos word" to search for commands related to "word"...
Reading symbols from a.out...done.
(gdb) b main
Breakpoint 1 at 0x8ac: file p4original.c, line 50.
(gdb) r
Starting program: /home/runner/pps-test1-harshithama18-1/a.out 
warning: Error disabling address space randomization: Operation not permitted

Breakpoint 1, main () at p4original.c:50
50      a = input();
(gdb) s
input () at p4original.c:3
3   {
(gdb) n
5   printf("Enter a number\n");
(gdb) n
Enter a number
6   scanf("%d", &a);
(gdb) n
7
7   return a;
(gdb) n
8   }
(gdb) n
main () at p4original.c:51
51      b = input();
(gdb) s
input () at p4original.c:3
3   {
(gdb) n
5   printf("Enter a number\n");
(gdb) n
Enter a number
6   scanf("%d", &a);
(gdb) n
8
7   return a;
(gdb) n
8   }
(gdb) n
main () at p4original.c:52
52      c = input();
(gdb) s
input () at p4original.c:3
3   {
(gdb) n
5   printf("Enter a number\n");
(gdb) n
Enter a number
6   scanf("%d", &a);
(gdb) n
9
7   return a;
(gdb) n
8   }
(gdb) n
main () at p4original.c:53
53      result=cmp(a, b, c);
(gdb) s
cmp (a=7, b=8, c=9) at p4original.c:12
12    if(a>b && a>c)
(gdb) n
16  else if(b>a && b>c)
(gdb) n
20  else if(c>a && c>b)
(gdb) n
22      return 3;
(gdb) n
33  }
(gdb) n
main () at p4original.c:54
54      output(result);
(gdb) n
c is greater
55      return 0;
(gdb) n
56    }
(gdb) n
__libc_start_main (main=0x560ddfe008a4 <main>, argc=1, argv=0x7fffe4061ac8, 
    init=<optimized out>, fini=<optimized out>, rtld_fini=<optimized out>, 
    stack_end=0x7fffe4061ab8) at ../csu/libc-start.c:344
344 ../csu/libc-start.c: No such file or directory.
(gdb) q
A debugging session is active.

    Inferior 1 [process 84] will be killed.

Quit anyway? (y or n) y
 