  
 gcc -g p4original.c
 gdb a.out
GNU gdb (Ubuntu 8.1.1-0ubuntu1) 8.1.1
Copyright (C) 2018 Free Software Foundation, Inc.
License GPLv3+: GNU GPL version 3 or later <http://gnu.org/licenses/gpl.html>
This is free software: you are free to change and redistribute it.
There is NO WARRANTY, to the extent permitted by law.  Type "show copying"
and "show warranty" for details.
This GDB was configured as "x86_64-linux-gnu".
Type "show configuration" for configuration details.
For bug reporting instructions, please see:
<http://www.gnu.org/software/gdb/bugs/>.
Find the GDB manual and other documentation resources online at:
<http://www.gnu.org/software/gdb/documentation/>.
For help, type "help".
Type "apropos word" to search for commands related to "word"...
Reading symbols from a.out...done.
(gdb) b main
Breakpoint 1 at 0x8b2: file p4original.c, line 54.
(gdb) r
Starting program: /home/runner/pps-test1-harshithama18-1/a.out 
warning: Error disabling address space randomization: Operation not permitted

Breakpoint 1, main () at p4original.c:54
54    a=input();
(gdb) s
input () at p4original.c:3
3   {
(gdb) n
5     printf("Enter a number\n");
(gdb) n
Enter a number
6     scanf("%d", &a);
(gdb) n
8
7     return a;
(gdb) n
8   }
(gdb) n
main () at p4original.c:55
55    b=input();
(gdb) s
input () at p4original.c:3
3   {
(gdb) n
5     printf("Enter a number\n");
(gdb) n
Enter a number
6     scanf("%d", &a);
(gdb) n
45
7     return a;
(gdb) n
8   }
(gdb) n
main () at p4original.c:56
56    c=input();
(gdb) s
input () at p4original.c:3
3   {
(gdb) n
5     printf("Enter a number\n");
(gdb) n
Enter a number
6     scanf("%d", &a);
(gdb) n
34
7     return a;
(gdb) n
8   }
(gdb) n
main () at p4original.c:57
57    result=cmp(a, b, c);
(gdb) s
cmp (a=8, b=45, c=34) at p4original.c:12
12    if(a>b && a>c)
(gdb) n
16    else if(b>a && b>c)
(gdb) n
18      result=2;
(gdb) n
32    return result;
(gdb) n
33  }
(gdb) n
main () at p4original.c:58
58    output(result);
(gdb) s
output (result=2) at p4original.c:36
36   if(result==1)
(gdb) n
39   else if(result==2)
(gdb) n
40   printf("b is greater\n");
(gdb) n
b is greater
50  }
(gdb) n
main () at p4original.c:59
59    return 0;
(gdb) n
60  }(gdb) q
A debugging session is active.

    Inferior 1 [process 143] will be killed.

Quit anyway? (y or n) y
 